---
source: packages/nx/src/native/tui/components/tasks_list.rs
expression: terminal.backend()
---
"                                                                                                                        "
" NX    Completed Test Tasks                                                                        Cache        Duration"
"                                                                                                                        "
"  ✔    task1                                                                                       Local             ..."
"  ✔    task2                                                                                      Remote             ..."
"> ✔    task3                                                                               Kept Existing             ..."
"                                                                                                                        "
"                                                                                                                        "
"                                                                                                                        "
"                                                                                                                        "
"                                                                                                                        "
"                                                                                                                        "
"                                                                                                                        "
"                                                                                                                        "
"  ← 1/1 →                           quit: q  help: ?  navigate: ↑ ↓  filter: /  pin output: 1 or 2  show output: <enter>"
