---
source: packages/nx/src/native/tui/components/tasks_list.rs
expression: terminal.backend()
---
"                                                                                "
" NX    Running Test Tasks with Scrollbar...                  Cache   Duration   "
"                                                                               ↑"
"                                                                               █"
"> ·    task-1                                                  ...        ...  █"
"  ·    task-10                                                 ...        ...  █"
"  ·    task-11                                                 ...        ...  █"
"  ·    task-12                                                 ...        ...  █"
"  ·    task-13                                                 ...        ...  █"
"  ·    task-14                                                 ...        ...  ║"
"  ·    task-15                                                 ...        ...  ║"
"  ·    task-16                                                 ...        ...  ║"
"  ·    task-17                                                 ...        ...  ║"
"  ·    task-18                                                 ...        ...  ║"
"  ·    task-19                                                 ...        ...  ║"
"  ·    task-2                                                  ...        ...  ║"
"  ·    task-20                                                 ...        ...  ║"
"  ·    task-21                                                 ...        ...  ║"
"                                                                               ↓"
"                                                                quit: q  help: ?"
