---
source: packages/nx/src/native/tui/components/tasks_list.rs
expression: terminal.backend()
---
"                                                                                "
" NX    Running Pagination Test...                          Cache        Duration"
"                                                                                "
"                                                                                "
"> ·    short1                                                ...             ..."
"  ·    short2                                                ...             ..."
"  ·    this-is-a-very-long-task-name-that-exceeds-           ...             ..."
"                                                                                "
"                                                                                "
"                                                                                "
"                                                                                "
"                                                                                "
"                                                                                "
"                                                                                "
"  ← 1/1 →                                                       quit: q  help: ?"
