---
source: packages/nx/src/native/tui/components/tasks_list.rs
expression: terminal.backend()
---
"                                                "
" NX    Running Running Test Tasks....   Duration"
"                                                "
"                                                "
"> ·    another-very-long-task-name-fo        ..."
"  ·    very-long-task-name-that-excee        ..."
"                                                "
"                                                "
"                                                "
"                                                "
"                                                "
"                                                "
"                                                "
"                                                "
"  ← 1/1 →                       quit: q  help: ?"
