---
source: packages/nx/src/native/tui/components/tasks_list.rs
expression: terminal.backend()
---
"                                                                                "
" NX    Running Test Tasks...                                 Cache   Duration   "
"                                                                               ↑"
"> ·    task1                                                   ...        ...  █"
"  ·    task10                                                  ...        ...  █"
"  ·    task2                                                   ...        ...  ║"
"  ·    task3                                                   ...        ...  ║"
"  ·    task4                                                   ...        ...  ║"
"                                                                               ↓"
"                                                                quit: q  help: ?"
