---
source: packages/nx/src/native/tui/components/tasks_list.rs
expression: terminal.backend()
---
"                                                                      "
" NX    Running Test Tasks...                                  Duration"
"                                                                      "
"                                                                      "
"> ·    task1                                                       ..."
"  ·    task2                                                       ..."
"  ·    task3                                                       ..."
"                                                                      "
"                                                                      "
"                                                                      "
"                                                                      "
"                                                                      "
"                                                                      "
"                                                                      "
"  ← 1/1 →                                             quit: q  help: ?"
