---
source: packages/nx/src/native/tui/components/tasks_list.rs
expression: terminal.backend()
---
"                                                                                "
" NX    Running Test Tasks...                                    Cache   Duration"
" │                                                                              "
" │⠋    task1                                                      ...       <1ms"
" │⠋    task2                                                      ...       <1ms"
" │⠋    task3                                                      ...       <1ms"
">│⠋    task4                                                      ...       <1ms"
" └                                                                              "
"                                                                                "
"                                                                                "
"                                                                                "
"                                                                                "
"                                                                                "
"                                                                                "
"                                                                quit: q  help: ?"
