// Jest Snapshot v1, https://goo.gl/fbAQLP

exports[`nuxt:storybook-configuration should configure with vue3 framework and styles import 1`] = `
"import type { StorybookConfig } from '@storybook/vue3-vite';

import { nxViteTsPaths } from '@nx/vite/plugins/nx-tsconfig-paths.plugin';
import { mergeConfig } from 'vite';
import vue from '@vitejs/plugin-vue';

const config: StorybookConfig = {
  stories: ['../src/**/*.@(mdx|stories.@(js|jsx|ts|tsx))'],
  addons: [],
  framework: {
    name: '@storybook/vue3-vite',
    options: {},
  },

  viteFinal: async (config) =>
    mergeConfig(config, {
      plugins: [vue(), nxViteTsPaths()],
    }),
};

export default config;

// To customize your Vite configuration you can use the viteFinal field.
// Check https://storybook.js.org/docs/react/builders/vite#configuration
// and https://nx.dev/recipes/storybook/custom-builder-configs
"
`;

exports[`nuxt:storybook-configuration should configure with vue3 framework and styles import 2`] = `""`;

exports[`nuxt:storybook-configuration should configure with vue3 framework and styles import 3`] = `
"{
  "extends": "./tsconfig.json",
  "compilerOptions": {
    "emitDecoratorMetadata": true,
    "composite": true
  },
  "exclude": ["src/**/*.spec.ts", "src/**/*.test.ts"],
  "include": [
    "src/**/*.stories.ts",
    "src/**/*.stories.js",
    "src/**/*.stories.jsx",
    "src/**/*.stories.tsx",
    "src/**/*.stories.mdx",
    ".storybook/*.js",
    ".storybook/*.ts"
  ]
}
"
`;
