// Jest Snapshot v1, https://goo.gl/fbAQLP

exports[`setup-tailwind generator should add a tailwind config to an application correctly 1`] = `
"import type { Config } from 'tailwindcss';
import { createGlobPatternsForDependencies } from '@nx/react/tailwind';

export default {
  content: [
    './app/**/*.{js,jsx,ts,tsx}',
    ...createGlobPatternsForDependencies(__dirname),
  ],
  theme: {
    extend: {},
  },
  plugins: [],
} satisfies Config;
"
`;

exports[`setup-tailwind generator should add a tailwind config to an application correctly 2`] = `
"export default {
  plugins: {
    tailwindcss: {},
    autoprefixer: {},
  },
};
"
`;

exports[`setup-tailwind generator should add a tailwind config to an application correctly 3`] = `
"@tailwind base;
@tailwind components;
@tailwind utilities;
"
`;

exports[`setup-tailwind generator should add a tailwind config to an application correctly 4`] = `
"import {
  Links,
  Meta,
  Outlet,
  Scripts,
  ScrollRestoration,
} from '@remix-run/react';
import type { MetaFunction, LinksFunction } from '@remix-run/node';
import twStyles from './tailwind.css';

export const meta: MetaFunction = () => [
  {
    title: 'New Remix App',
  },
];

export const links: LinksFunction = () => [
  { rel: 'stylesheet', href: twStyles },
  { rel: 'preconnect', href: 'https://fonts.googleapis.com' },
  {
    rel: 'preconnect',
    href: 'https://fonts.gstatic.com',
    crossOrigin: 'anonymous',
  },
  {
    rel: 'stylesheet',
    href: 'https://fonts.googleapis.com/css2?family=Inter:ital,opsz,wght@0,14..32,100..900;1,14..32,100..900&display=swap',
  },
];

export function Layout({ children }: { children: React.ReactNode }) {
  return (
    <html lang="en">
      <head>
        <meta charSet="utf-8" />
        <meta name="viewport" content="width=device-width, initial-scale=1" />
        <Meta />
        <Links />
      </head>
      <body>
        {children}
        <ScrollRestoration />
        <Scripts />
      </body>
    </html>
  );
}

export default function App() {
  return <Outlet />;
}
"
`;
