// Jest Snapshot v1, https://goo.gl/fbAQLP

exports[`convert-to-flat-config generator should add env configuration 1`] = `
"const { FlatCompat } = require('@eslint/eslintrc');
const js = require('@eslint/js');
const nxEslintPlugin = require('@nx/eslint-plugin');
const globals = require('globals');

const compat = new FlatCompat({
  baseDirectory: __dirname,
  recommendedConfig: js.configs.recommended,
});

module.exports = [
  {
    ignores: ['**/dist'],
  },
  { plugins: { '@nx': nxEslintPlugin } },
  { languageOptions: { globals: { ...globals.browser, ...globals.node } } },
  {
    files: ['**/*.ts', '**/*.tsx', '**/*.js', '**/*.jsx'],
    rules: {
      '@nx/enforce-module-boundaries': [
        'error',
        {
          enforceBuildableLibDependency: true,
          allow: [],
          depConstraints: [
            {
              sourceTag: '*',
              onlyDependOnLibsWithTags: ['*'],
            },
          ],
        },
      ],
    },
  },
  ...compat
    .config({
      extends: ['plugin:@nx/typescript'],
    })
    .map((config) => ({
      ...config,
      files: ['**/*.ts', '**/*.tsx', '**/*.cts', '**/*.mts'],
      rules: {
        ...config.rules,
      },
    })),
  ...compat
    .config({
      extends: ['plugin:@nx/javascript'],
    })
    .map((config) => ({
      ...config,
      files: ['**/*.js', '**/*.jsx', '**/*.cjs', '**/*.mjs'],
      rules: {
        ...config.rules,
      },
    })),
];
"
`;

exports[`convert-to-flat-config generator should add global and env configuration 1`] = `
"const { FlatCompat } = require('@eslint/eslintrc');
const js = require('@eslint/js');
const nxEslintPlugin = require('@nx/eslint-plugin');
const globals = require('globals');

const compat = new FlatCompat({
  baseDirectory: __dirname,
  recommendedConfig: js.configs.recommended,
});

module.exports = [
  {
    ignores: ['**/dist'],
  },
  { plugins: { '@nx': nxEslintPlugin } },
  {
    languageOptions: {
      globals: { ...globals.browser, myCustomGlobal: 'readonly' },
    },
  },
  {
    files: ['**/*.ts', '**/*.tsx', '**/*.js', '**/*.jsx'],
    rules: {
      '@nx/enforce-module-boundaries': [
        'error',
        {
          enforceBuildableLibDependency: true,
          allow: [],
          depConstraints: [
            {
              sourceTag: '*',
              onlyDependOnLibsWithTags: ['*'],
            },
          ],
        },
      ],
    },
  },
  ...compat
    .config({
      extends: ['plugin:@nx/typescript'],
    })
    .map((config) => ({
      ...config,
      files: ['**/*.ts', '**/*.tsx', '**/*.cts', '**/*.mts'],
      rules: {
        ...config.rules,
      },
    })),
  ...compat
    .config({
      extends: ['plugin:@nx/javascript'],
    })
    .map((config) => ({
      ...config,
      files: ['**/*.js', '**/*.jsx', '**/*.cjs', '**/*.mjs'],
      rules: {
        ...config.rules,
      },
    })),
];
"
`;

exports[`convert-to-flat-config generator should add global configuration 1`] = `
"const { FlatCompat } = require('@eslint/eslintrc');
const js = require('@eslint/js');
const nxEslintPlugin = require('@nx/eslint-plugin');

const compat = new FlatCompat({
  baseDirectory: __dirname,
  recommendedConfig: js.configs.recommended,
});

module.exports = [
  {
    ignores: ['**/dist'],
  },
  { plugins: { '@nx': nxEslintPlugin } },
  { languageOptions: { globals: { myCustomGlobal: 'readonly' } } },
  {
    files: ['**/*.ts', '**/*.tsx', '**/*.js', '**/*.jsx'],
    rules: {
      '@nx/enforce-module-boundaries': [
        'error',
        {
          enforceBuildableLibDependency: true,
          allow: [],
          depConstraints: [
            {
              sourceTag: '*',
              onlyDependOnLibsWithTags: ['*'],
            },
          ],
        },
      ],
    },
  },
  ...compat
    .config({
      extends: ['plugin:@nx/typescript'],
    })
    .map((config) => ({
      ...config,
      files: ['**/*.ts', '**/*.tsx', '**/*.cts', '**/*.mts'],
      rules: {
        ...config.rules,
      },
    })),
  ...compat
    .config({
      extends: ['plugin:@nx/javascript'],
    })
    .map((config) => ({
      ...config,
      files: ['**/*.js', '**/*.jsx', '**/*.cjs', '**/*.mjs'],
      rules: {
        ...config.rules,
      },
    })),
];
"
`;

exports[`convert-to-flat-config generator should add global eslintignores 1`] = `
"const { FlatCompat } = require('@eslint/eslintrc');
const js = require('@eslint/js');
const nxEslintPlugin = require('@nx/eslint-plugin');

const compat = new FlatCompat({
  baseDirectory: __dirname,
  recommendedConfig: js.configs.recommended,
});

module.exports = [
  {
    ignores: ['**/dist'],
  },
  { plugins: { '@nx': nxEslintPlugin } },
  {
    files: ['**/*.ts', '**/*.tsx', '**/*.js', '**/*.jsx'],
    rules: {
      '@nx/enforce-module-boundaries': [
        'error',
        {
          enforceBuildableLibDependency: true,
          allow: [],
          depConstraints: [
            {
              sourceTag: '*',
              onlyDependOnLibsWithTags: ['*'],
            },
          ],
        },
      ],
    },
  },
  ...compat
    .config({
      extends: ['plugin:@nx/typescript'],
    })
    .map((config) => ({
      ...config,
      files: ['**/*.ts', '**/*.tsx', '**/*.cts', '**/*.mts'],
      rules: {
        ...config.rules,
      },
    })),
  ...compat
    .config({
      extends: ['plugin:@nx/javascript'],
    })
    .map((config) => ({
      ...config,
      files: ['**/*.js', '**/*.jsx', '**/*.cjs', '**/*.mjs'],
      rules: {
        ...config.rules,
      },
    })),
  {
    ignores: ['ignore/me'],
  },
];
"
`;

exports[`convert-to-flat-config generator should add parser 1`] = `
"const { FlatCompat } = require('@eslint/eslintrc');
const js = require('@eslint/js');
const nxEslintPlugin = require('@nx/eslint-plugin');
const typescriptEslintParser = require('@typescript-eslint/parser');

const compat = new FlatCompat({
  baseDirectory: __dirname,
  recommendedConfig: js.configs.recommended,
});

module.exports = [
  {
    ignores: ['**/dist'],
  },
  { plugins: { '@nx': nxEslintPlugin } },
  { languageOptions: { parser: typescriptEslintParser } },
  {
    files: ['**/*.ts', '**/*.tsx', '**/*.js', '**/*.jsx'],
    rules: {
      '@nx/enforce-module-boundaries': [
        'error',
        {
          enforceBuildableLibDependency: true,
          allow: [],
          depConstraints: [
            {
              sourceTag: '*',
              onlyDependOnLibsWithTags: ['*'],
            },
          ],
        },
      ],
    },
  },
  ...compat
    .config({
      extends: ['plugin:@nx/typescript'],
    })
    .map((config) => ({
      ...config,
      files: ['**/*.ts', '**/*.tsx', '**/*.cts', '**/*.mts'],
      rules: {
        ...config.rules,
      },
    })),
  ...compat
    .config({
      extends: ['plugin:@nx/javascript'],
    })
    .map((config) => ({
      ...config,
      files: ['**/*.js', '**/*.jsx', '**/*.cjs', '**/*.mjs'],
      rules: {
        ...config.rules,
      },
    })),
];
"
`;

exports[`convert-to-flat-config generator should add plugins 1`] = `
"const { FlatCompat } = require('@eslint/eslintrc');
const js = require('@eslint/js');
const eslintPluginImport = require('eslint-plugin-import');
const eslintPluginSingleName = require('eslint-plugin-single-name');
const scopeEslintPluginWithName = require('@scope/eslint-plugin-with-name');
const justScopeEslintPlugin = require('@just-scope/eslint-plugin');

const compat = new FlatCompat({
  baseDirectory: __dirname,
  recommendedConfig: js.configs.recommended,
});

module.exports = [
  {
    ignores: ['**/dist'],
  },
  {
    plugins: {
      'eslint-plugin-import': eslintPluginImport,
      'single-name': eslintPluginSingleName,
      '@scope/with-name': scopeEslintPluginWithName,
      '@just-scope': justScopeEslintPlugin,
    },
  },
  {
    files: ['**/*.ts', '**/*.tsx', '**/*.js', '**/*.jsx'],
    rules: {
      '@nx/enforce-module-boundaries': [
        'error',
        {
          enforceBuildableLibDependency: true,
          allow: [],
          depConstraints: [
            {
              sourceTag: '*',
              onlyDependOnLibsWithTags: ['*'],
            },
          ],
        },
      ],
    },
  },
  ...compat
    .config({
      extends: ['plugin:@nx/typescript'],
    })
    .map((config) => ({
      ...config,
      files: ['**/*.ts', '**/*.tsx', '**/*.cts', '**/*.mts'],
      rules: {
        ...config.rules,
      },
    })),
  ...compat
    .config({
      extends: ['plugin:@nx/javascript'],
    })
    .map((config) => ({
      ...config,
      files: ['**/*.js', '**/*.jsx', '**/*.cjs', '**/*.mjs'],
      rules: {
        ...config.rules,
      },
    })),
];
"
`;

exports[`convert-to-flat-config generator should add settings 1`] = `
"const { FlatCompat } = require('@eslint/eslintrc');
const js = require('@eslint/js');
const nxEslintPlugin = require('@nx/eslint-plugin');

const compat = new FlatCompat({
  baseDirectory: __dirname,
  recommendedConfig: js.configs.recommended,
});

module.exports = [
  {
    ignores: ['**/dist'],
  },
  { plugins: { '@nx': nxEslintPlugin } },
  {
    settings: {
      sharedData: 'Hello',
    },
  },
  {
    files: ['**/*.ts', '**/*.tsx', '**/*.js', '**/*.jsx'],
    rules: {
      '@nx/enforce-module-boundaries': [
        'error',
        {
          enforceBuildableLibDependency: true,
          allow: [],
          depConstraints: [
            {
              sourceTag: '*',
              onlyDependOnLibsWithTags: ['*'],
            },
          ],
        },
      ],
    },
  },
  ...compat
    .config({
      extends: ['plugin:@nx/typescript'],
    })
    .map((config) => ({
      ...config,
      files: ['**/*.ts', '**/*.tsx', '**/*.cts', '**/*.mts'],
      rules: {
        ...config.rules,
      },
    })),
  ...compat
    .config({
      extends: ['plugin:@nx/javascript'],
    })
    .map((config) => ({
      ...config,
      files: ['**/*.js', '**/*.jsx', '**/*.cjs', '**/*.mjs'],
      rules: {
        ...config.rules,
      },
    })),
];
"
`;

exports[`convert-to-flat-config generator should convert json successfully 1`] = `
"const { FlatCompat } = require('@eslint/eslintrc');
const js = require('@eslint/js');
const nxEslintPlugin = require('@nx/eslint-plugin');

const compat = new FlatCompat({
  baseDirectory: __dirname,
  recommendedConfig: js.configs.recommended,
});

module.exports = [
  {
    ignores: ['**/dist'],
  },
  { plugins: { '@nx': nxEslintPlugin } },
  {
    files: ['**/*.ts', '**/*.tsx', '**/*.js', '**/*.jsx'],
    rules: {
      '@nx/enforce-module-boundaries': [
        'error',
        {
          enforceBuildableLibDependency: true,
          allow: [],
          depConstraints: [
            {
              sourceTag: '*',
              onlyDependOnLibsWithTags: ['*'],
            },
          ],
        },
      ],
    },
  },
  ...compat
    .config({
      extends: ['plugin:@nx/typescript'],
    })
    .map((config) => ({
      ...config,
      files: ['**/*.ts', '**/*.tsx', '**/*.cts', '**/*.mts'],
      rules: {
        ...config.rules,
      },
    })),
  ...compat
    .config({
      extends: ['plugin:@nx/javascript'],
    })
    .map((config) => ({
      ...config,
      files: ['**/*.js', '**/*.jsx', '**/*.cjs', '**/*.mjs'],
      rules: {
        ...config.rules,
      },
    })),
];
"
`;

exports[`convert-to-flat-config generator should convert json successfully 2`] = `
"const baseConfig = require('../../eslint.config.cjs');

module.exports = [
  {
    ignores: ['**/dist'],
  },
  ...baseConfig,
  {
    files: ['**/*.ts', '**/*.tsx', '**/*.js', '**/*.jsx'],
    // Override or add rules here
    rules: {},
  },
  {
    files: ['**/*.ts', '**/*.tsx'],
    // Override or add rules here
    rules: {},
  },
  {
    files: ['**/*.js', '**/*.jsx'],
    // Override or add rules here
    rules: {},
  },
];
"
`;

exports[`convert-to-flat-config generator should convert yaml successfully 1`] = `
"const { FlatCompat } = require('@eslint/eslintrc');
const js = require('@eslint/js');
const nxEslintPlugin = require('@nx/eslint-plugin');

const compat = new FlatCompat({
  baseDirectory: __dirname,
  recommendedConfig: js.configs.recommended,
});

module.exports = [
  {
    ignores: ['**/dist'],
  },
  { plugins: { '@nx': nxEslintPlugin } },
  {
    files: ['**/*.ts', '**/*.tsx', '**/*.js', '**/*.jsx'],
    rules: {
      '@nx/enforce-module-boundaries': [
        'error',
        {
          enforceBuildableLibDependency: true,
          allow: [],
          depConstraints: [
            {
              sourceTag: '*',
              onlyDependOnLibsWithTags: ['*'],
            },
          ],
        },
      ],
    },
  },
  ...compat
    .config({
      extends: ['plugin:@nx/typescript'],
    })
    .map((config) => ({
      ...config,
      files: ['**/*.ts', '**/*.tsx', '**/*.cts', '**/*.mts'],
      rules: {
        ...config.rules,
      },
    })),
  ...compat
    .config({
      extends: ['plugin:@nx/javascript'],
    })
    .map((config) => ({
      ...config,
      files: ['**/*.js', '**/*.jsx', '**/*.cjs', '**/*.mjs'],
      rules: {
        ...config.rules,
      },
    })),
];
"
`;

exports[`convert-to-flat-config generator should convert yaml successfully 2`] = `
"const baseConfig = require('../../eslint.config.cjs');

module.exports = [
  {
    ignores: ['**/dist'],
  },
  ...baseConfig,
  {
    files: ['**/*.ts', '**/*.tsx', '**/*.js', '**/*.jsx'],
    // Override or add rules here
    rules: {},
  },
  {
    files: ['**/*.ts', '**/*.tsx'],
    // Override or add rules here
    rules: {},
  },
  {
    files: ['**/*.js', '**/*.jsx'],
    // Override or add rules here
    rules: {},
  },
];
"
`;

exports[`convert-to-flat-config generator should convert yml successfully 1`] = `
"const { FlatCompat } = require('@eslint/eslintrc');
const js = require('@eslint/js');
const nxEslintPlugin = require('@nx/eslint-plugin');

const compat = new FlatCompat({
  baseDirectory: __dirname,
  recommendedConfig: js.configs.recommended,
});

module.exports = [
  {
    ignores: ['**/dist'],
  },
  { plugins: { '@nx': nxEslintPlugin } },
  {
    files: ['**/*.ts', '**/*.tsx', '**/*.js', '**/*.jsx'],
    rules: {
      '@nx/enforce-module-boundaries': [
        'error',
        {
          enforceBuildableLibDependency: true,
          allow: [],
          depConstraints: [
            {
              sourceTag: '*',
              onlyDependOnLibsWithTags: ['*'],
            },
          ],
        },
      ],
    },
  },
  ...compat
    .config({
      extends: ['plugin:@nx/typescript'],
    })
    .map((config) => ({
      ...config,
      files: ['**/*.ts', '**/*.tsx', '**/*.cts', '**/*.mts'],
      rules: {
        ...config.rules,
      },
    })),
  ...compat
    .config({
      extends: ['plugin:@nx/javascript'],
    })
    .map((config) => ({
      ...config,
      files: ['**/*.js', '**/*.jsx', '**/*.cjs', '**/*.mjs'],
      rules: {
        ...config.rules,
      },
    })),
];
"
`;

exports[`convert-to-flat-config generator should convert yml successfully 2`] = `
"const baseConfig = require('../../eslint.config.cjs');

module.exports = [
  {
    ignores: ['**/dist'],
  },
  ...baseConfig,
  {
    files: ['**/*.ts', '**/*.tsx', '**/*.js', '**/*.jsx'],
    // Override or add rules here
    rules: {},
  },
  {
    files: ['**/*.ts', '**/*.tsx'],
    // Override or add rules here
    rules: {},
  },
  {
    files: ['**/*.js', '**/*.jsx'],
    // Override or add rules here
    rules: {},
  },
];
"
`;

exports[`convert-to-flat-config generator should handle custom eslintignores 1`] = `
"const baseConfig = require('../../eslint.config.cjs');

module.exports = [
  {
    ignores: ['**/dist'],
  },
  ...baseConfig,
  {
    files: ['**/*.ts', '**/*.tsx', '**/*.js', '**/*.jsx'],
    // Override or add rules here
    rules: {},
  },
  {
    files: ['**/*.ts', '**/*.tsx'],
    // Override or add rules here
    rules: {},
  },
  {
    files: ['**/*.js', '**/*.jsx'],
    // Override or add rules here
    rules: {},
  },
  {
    ignores: ['ignore/me'],
  },
  {
    ignores: ['ignore/me/as/well'],
  },
];
"
`;
