// Jest Snapshot v1, https://goo.gl/fbAQLP

exports[`Storybook Configuration it should create a storybook configuration and use react-vite framework with testing framework jest 1`] = `
"/// <reference types="vitest" />
import { defineConfig } from 'vite';
import react from '@vitejs/plugin-react';
import viteTsConfigPaths from 'vite-tsconfig-paths';

export default defineConfig({
  cacheDir: '../../node_modules/.vite/storybook/libs/storybook-test',

  plugins: [
    react(),
    viteTsConfigPaths({
      root: '../../../',
    }),
  ],
});
"
`;

exports[`Storybook Configuration it should create a storybook configuration and use react-vite framework with testing framework jest 2`] = `
"import type { StorybookConfig } from '@storybook/react-vite';

const config: StorybookConfig = {
  stories: ['../src/lib/**/*.@(mdx|stories.@(js|jsx|ts|tsx))'],
  addons: ['@storybook/addon-essentials', '@storybook/addon-interactions'],
  framework: {
    name: '@storybook/react-vite',
    options: {
      builder: {
        viteConfigPath: 'vite.config.ts',
      },
    },
  },
};

export default config;

// To customize your Vite configuration you can use the viteFinal field.
// Check https://storybook.js.org/docs/react/builders/vite#configuration
// and https://nx.dev/recipes/storybook/custom-builder-configs
"
`;

exports[`Storybook Configuration it should create a storybook configuration and use react-vite framework with testing framework none 1`] = `
"/// <reference types="vitest" />
import { defineConfig } from 'vite';
import react from '@vitejs/plugin-react';
import viteTsConfigPaths from 'vite-tsconfig-paths';

export default defineConfig({
  cacheDir: '../../node_modules/.vite/storybook/libs/storybook-test',

  plugins: [
    react(),
    viteTsConfigPaths({
      root: '../../../',
    }),
  ],
});
"
`;

exports[`Storybook Configuration it should create a storybook configuration and use react-vite framework with testing framework none 2`] = `
"import type { StorybookConfig } from '@storybook/react-vite';

const config: StorybookConfig = {
  stories: ['../src/lib/**/*.@(mdx|stories.@(js|jsx|ts|tsx))'],
  addons: ['@storybook/addon-essentials', '@storybook/addon-interactions'],
  framework: {
    name: '@storybook/react-vite',
    options: {
      builder: {
        viteConfigPath: 'vite.config.ts',
      },
    },
  },
};

export default config;

// To customize your Vite configuration you can use the viteFinal field.
// Check https://storybook.js.org/docs/react/builders/vite#configuration
// and https://nx.dev/recipes/storybook/custom-builder-configs
"
`;

exports[`Storybook Configuration it should create a storybook configuration and use react-vite framework with testing framework vitest 1`] = `
"import { defineConfig } from 'vite';
import react from '@vitejs/plugin-react';
import { nxViteTsPaths } from '@nx/vite/plugins/nx-tsconfig-paths.plugin';
import { nxCopyAssetsPlugin } from '@nx/vite/plugins/nx-copy-assets.plugin';

export default defineConfig(() => ({
  root: __dirname,
  cacheDir: '../../node_modules/.vite/libs/storybook-test',
  plugins: [react(), nxViteTsPaths(), nxCopyAssetsPlugin(['*.md'])],
  // Uncomment this if you are using workers.
  // worker: {
  //  plugins: [ nxViteTsPaths() ],
  // },
  test: {
    setupFiles: ['./src/test-setup.ts'],
    watch: false,
    globals: true,
    environment: 'jsdom',
    include: ['src/**/*.{test,spec}.{js,mjs,cjs,ts,mts,cts,jsx,tsx}'],
    reporters: ['default'],
    coverage: {
      reportsDirectory: '../../coverage/libs/storybook-test',
      provider: 'v8' as const,
    },
  },
}));
"
`;

exports[`Storybook Configuration it should create a storybook configuration and use react-vite framework with testing framework vitest 2`] = `
"import type { StorybookConfig } from '@storybook/react-vite';

const config: StorybookConfig = {
  stories: ['../src/lib/**/*.@(mdx|stories.@(js|jsx|ts|tsx))'],
  addons: ['@storybook/addon-essentials', '@storybook/addon-interactions'],
  framework: {
    name: '@storybook/react-vite',
    options: {
      builder: {
        viteConfigPath: 'vite.config.ts',
      },
    },
  },
};

export default config;

// To customize your Vite configuration you can use the viteFinal field.
// Check https://storybook.js.org/docs/react/builders/vite#configuration
// and https://nx.dev/recipes/storybook/custom-builder-configs
"
`;
