// Jest Snapshot v1, https://goo.gl/fbAQLP

exports[`vue:storybook-configuration should configure everything and install correct dependencies 1`] = `
"import type { StorybookConfig } from '@storybook/vue3-vite';

import { nxViteTsPaths } from '@nx/vite/plugins/nx-tsconfig-paths.plugin';
import { mergeConfig } from 'vite';
import vue from '@vitejs/plugin-vue';

const config: StorybookConfig = {
  stories: ['../src/**/*.@(mdx|stories.@(js|jsx|ts|tsx))'],
  addons: [],
  framework: {
    name: '@storybook/vue3-vite',
    options: {},
  },

  viteFinal: async (config) =>
    mergeConfig(config, {
      plugins: [vue(), nxViteTsPaths()],
    }),
};

export default config;

// To customize your Vite configuration you can use the viteFinal field.
// Check https://storybook.js.org/docs/react/builders/vite#configuration
// and https://nx.dev/recipes/storybook/custom-builder-configs
"
`;

exports[`vue:storybook-configuration should generate stories for components 1`] = `
"import type { Meta, StoryObj } from '@storybook/vue3';
import myComponent from './my-component.vue';

import { expect } from 'storybook/test';

const meta: Meta<typeof myComponent> = {
  component: myComponent,
  title: 'myComponent',
};
export default meta;
type Story = StoryObj<typeof meta>;

export const Primary = {
  args: {
    name: 'name',
    displayAge: false,
    age: 0,
  },
};

export const Heading: Story = {
  args: {
    name: 'name',
    displayAge: false,
    age: 0,
  },
  play: async ({ canvas }) => {
    await expect(canvas.getByText(/Welcome to myComponent!/gi)).toBeTruthy();
  },
};
"
`;

exports[`vue:storybook-configuration should generate stories for components for app 1`] = `
"import type { Meta, StoryObj } from '@storybook/vue3';
import myComponent from './my-component.vue';

import { expect } from 'storybook/test';

const meta: Meta<typeof myComponent> = {
  component: myComponent,
  title: 'myComponent',
};
export default meta;
type Story = StoryObj<typeof meta>;

export const Primary = {
  args: {
    name: 'name',
    displayAge: false,
    age: 0,
  },
};

export const Heading: Story = {
  args: {
    name: 'name',
    displayAge: false,
    age: 0,
  },
  play: async ({ canvas }) => {
    await expect(canvas.getByText(/Welcome to myComponent!/gi)).toBeTruthy();
  },
};
"
`;

exports[`vue:storybook-configuration should generate stories for components without interaction tests 1`] = `
"import type { Meta, StoryObj } from '@storybook/vue3';
import myComponent from './my-component.vue';

const meta: Meta<typeof myComponent> = {
  component: myComponent,
  title: 'myComponent',
};
export default meta;
type Story = StoryObj<typeof meta>;

export const Primary = {
  args: {
    name: 'name',
    displayAge: false,
    age: 0,
  },
};
"
`;
