// Jest Snapshot v1, https://goo.gl/fbAQLP

exports[`@nx/vite/plugin with test node root project should create nodes - with test too 1`] = `
[
  [
    "vite.config.ts",
    {
      "projects": {
        ".": {
          "metadata": {},
          "root": ".",
          "targets": {
            "build-deps": {
              "dependsOn": [
                "^build",
              ],
            },
            "test": {
              "cache": true,
              "command": "vitest",
              "inputs": [
                "default",
                "^production",
                {
                  "externalDependencies": [
                    "vitest",
                  ],
                },
                {
                  "env": "CI",
                },
              ],
              "metadata": {
                "description": "Run Vite tests",
                "help": {
                  "command": "npx vitest --help",
                  "example": {
                    "options": {
                      "bail": 1,
                      "coverage": true,
                    },
                  },
                },
                "technologies": [
                  "vite",
                ],
              },
              "options": {
                "cwd": ".",
              },
              "outputs": [
                "{projectRoot}/coverage",
              ],
            },
            "typecheck": {
              "cache": true,
              "command": "tsc --noEmit -p tsconfig.lib.json",
              "inputs": [
                "production",
                "^production",
                {
                  "externalDependencies": [
                    "typescript",
                  ],
                },
              ],
              "metadata": {
                "description": "Run Typechecking",
                "help": {
                  "command": "npx tsc --help -p tsconfig.lib.json",
                  "example": {
                    "options": {
                      "noEmit": true,
                    },
                  },
                },
              },
              "options": {
                "cwd": ".",
              },
            },
            "watch-deps": {
              "command": "npx nx watch --projects vite --includeDependentProjects -- npx nx build-deps vite",
              "dependsOn": [
                "build-deps",
              ],
            },
          },
        },
      },
    },
  ],
]
`;
