// Jest Snapshot v1, https://goo.gl/fbAQLP

exports[`ensureViteConfigIsCorrect should add build options if it is using conditional config - do nothing for test 1`] = `
"
    /// <reference types="vitest" />
    import { defineConfig } from 'vite';
    export default defineConfig(({ command, mode, ssrBuild }) => {
      if (command === 'serve') {
        return {
          port: 4200,
          host: 'localhost',
        }
      } else {
        // command === 'build'
        return {
        ...{
          my: 'option',
        },
        ..."\\n    // Configuration for building your library.\\n    // See: https://vitejs.dev/guide/build.html#library-mode\\n    build: {\\n      lib: {\\n        // Could also be a dictionary or array of multiple entry points.\\n        entry: 'src/index.ts',\\n        name: 'my-app',\\n        fileName: 'index',\\n        // Change this to the formats you want to support.\\n        // Don't forget to update your package.json as well.\\n        formats: ['es']\\n      },\\n      rollupOptions: {\\n        // External packages that should not be bundled into your library.\\n        external: ['react', 'react-dom', 'react/jsx-runtime']\\n      }\\n    },"
      }
      }
    })
    "
`;

exports[`ensureViteConfigIsCorrect should not do anything if cannot understand syntax of vite config 1`] = `"console.log('Unknown syntax')"`;
